[warn] could not set RLIMIT_AS hard cap (current limit exceeds maximum limit); relying on RSS watchdog only
OMP: Warning #179: Function Can't set size of /tmp file failed:
[dispatch] starting rebalanceOS in a fresh subprocess
[warn] could not set RLIMIT_AS hard cap (current limit exceeds maximum limit); relying on RSS watchdog only
OMP: Warning #179: Function Can't set size of /tmp file failed:
[rebalanceOS] 4130 chunks from repo at /Users/noelsaw/Documents/GH Repos/rebalanceOS
<All keys matched successfully>
[transformers] Detected the usage of `get_extended_attention_mask`: This function is deprecated and will be removed in v5.12.0. Please use the new API in `transformers.masking_utils`
[warn] rebalanceOS: rss 4204MB over cap 4096MB after gc (streak 1)
[warn] rebalanceOS: rss 4602MB over cap 4096MB after gc (streak 2)
[warn] rebalanceOS: rss 5205MB over cap 4096MB after gc (streak 3)
[abort] rebalanceOS: memory cap exceeded 3x in a row, stopping early at batch 4/259. Partial results saved.
[rebalanceOS] encoded 64/4130 chunks in 169.9s -> shape (64, 768)
[rebalanceOS] saved sidecars -> /Users/noelsaw/Documents/GH Repos/XYZ-code-intelligence/.embed-tmp/rebalanceOS
[dispatch] starting LTVera-Pandas in a fresh subprocess
[warn] could not set RLIMIT_AS hard cap (current limit exceeds maximum limit); relying on RSS watchdog only
OMP: Warning #179: Function Can't set size of /tmp file failed:
[LTVera-Pandas] 5147 chunks from repo at /Users/noelsaw/Documents/GH Repos/LTVera-Pandas
<All keys matched successfully>
[transformers] Detected the usage of `get_extended_attention_mask`: This function is deprecated and will be removed in v5.12.0. Please use the new API in `transformers.masking_utils`
[warn] LTVera-Pandas: rss 4117MB over cap 4096MB after gc (streak 1)
[warn] LTVera-Pandas: rss 4155MB over cap 4096MB after gc (streak 2)
[warn] LTVera-Pandas: rss 4187MB over cap 4096MB after gc (streak 3)
[abort] LTVera-Pandas: memory cap exceeded 3x in a row, stopping early at batch 3/322. Partial results saved.
[LTVera-Pandas] encoded 48/5147 chunks in 55.4s -> shape (48, 768)
[LTVera-Pandas] saved sidecars -> /Users/noelsaw/Documents/GH Repos/XYZ-code-intelligence/.embed-tmp/LTVera-Pandas
[dispatch] starting aegis-sleuth-slack-bot in a fresh subprocess
[warn] could not set RLIMIT_AS hard cap (current limit exceeds maximum limit); relying on RSS watchdog only
OMP: Warning #179: Function Can't set size of /tmp file failed:
[aegis-sleuth-slack-bot] 3302 chunks from repo at /Users/noelsaw/Documents/GH Repos/aegis-sleuth-slack-bot
<All keys matched successfully>
[transformers] Detected the usage of `get_extended_attention_mask`: This function is deprecated and will be removed in v5.12.0. Please use the new API in `transformers.masking_utils`
[warn] aegis-sleuth-slack-bot: rss 4902MB over cap 4096MB after gc (streak 1)
[warn] aegis-sleuth-slack-bot: rss 6298MB over cap 4096MB after gc (streak 2)
[warn] aegis-sleuth-slack-bot: rss 6342MB over cap 4096MB after gc (streak 3)
[abort] aegis-sleuth-slack-bot: memory cap exceeded 3x in a row, stopping early at batch 4/207. Partial results saved.
[aegis-sleuth-slack-bot] encoded 64/3302 chunks in 209.7s -> shape (64, 768)
[aegis-sleuth-slack-bot] saved sidecars -> /Users/noelsaw/Documents/GH Repos/XYZ-code-intelligence/.embed-tmp/aegis-sleuth-slack-bot
[dispatch] starting XYZ-forge in a fresh subprocess
[warn] could not set RLIMIT_AS hard cap (current limit exceeds maximum limit); relying on RSS watchdog only
OMP: Warning #179: Function Can't set size of /tmp file failed:
[XYZ-forge] 3863 chunks from repo at /Users/noelsaw/Documents/GH Repos/XYZ-forge
<All keys matched successfully>
[transformers] Detected the usage of `get_extended_attention_mask`: This function is deprecated and will be removed in v5.12.0. Please use the new API in `transformers.masking_utils`
[warn] XYZ-forge: rss 4360MB over cap 4096MB after gc (streak 1)
[dispatch] XYZ-forge exited with code -9
DONE with failures: ['XYZ-forge']
/Users/noelsaw/.local/share/uv/python/cpython-3.11.15-macos-aarch64-none/lib/python3.11/multiprocessing/resource_tracker.py:254: UserWarning: resource_tracker: There appear to be 1 leaked semaphore objects to clean up at shutdown
  warnings.warn('resource_tracker: There appear to be %d '
